[2025-04-03 15:55:50Z INFO HostContext] No proxy settings were found based on environmental variables (http_proxy/https_proxy/HTTP_PROXY/HTTPS_PROXY)
[2025-04-03 15:55:50Z INFO HostContext] Well known directory 'Bin': '/Users/minjeong/development/travel/actions-runner/bin'
[2025-04-03 15:55:50Z INFO HostContext] Well known directory 'Root': '/Users/minjeong/development/travel/actions-runner'
[2025-04-03 15:55:50Z INFO HostContext] Well known config file 'Credentials': '/Users/minjeong/development/travel/actions-runner/.credentials'
[2025-04-03 15:55:50Z INFO HostContext] Well known directory 'Bin': '/Users/minjeong/development/travel/actions-runner/bin'
[2025-04-03 15:55:50Z INFO HostContext] Well known directory 'Root': '/Users/minjeong/development/travel/actions-runner'
[2025-04-03 15:55:50Z INFO HostContext] Well known config file 'Runner': '/Users/minjeong/development/travel/actions-runner/.runner'
[2025-04-03 15:55:51Z INFO Listener] Runner is built for OSX (X64) - osx-x64.
[2025-04-03 15:55:51Z INFO Listener] RuntimeInformation: Darwin 21.4.0 Darwin Kernel Version 21.4.0: Fri Mar 18 00:46:32 PDT 2022; root:xnu-8020.101.4~15/RELEASE_ARM64_T6000.
[2025-04-03 15:55:51Z INFO Listener] Version: 2.323.0
[2025-04-03 15:55:51Z INFO Listener] Commit: d8b82f44a9ec0258904d5869ae683c31d5aac299
[2025-04-03 15:55:51Z INFO Listener] Culture: ko-KR
[2025-04-03 15:55:51Z INFO Listener] UI Culture: ko-KR
[2025-04-03 15:55:51Z INFO HostContext] Well known directory 'Bin': '/Users/minjeong/development/travel/actions-runner/bin'
[2025-04-03 15:55:51Z INFO HostContext] Well known directory 'Root': '/Users/minjeong/development/travel/actions-runner'
[2025-04-03 15:55:51Z INFO Listener] Validating directory permissions for: '/Users/minjeong/development/travel/actions-runner'
[2025-04-03 15:55:51Z INFO CommandLineParser] Parse
[2025-04-03 15:55:51Z INFO CommandLineParser] Parsing 5 args
[2025-04-03 15:55:51Z INFO CommandLineParser] parsing argument
[2025-04-03 15:55:51Z INFO CommandLineParser] HasArgs: False
[2025-04-03 15:55:51Z INFO CommandLineParser] Adding Command: configure
[2025-04-03 15:55:51Z INFO CommandLineParser] parsing argument
[2025-04-03 15:55:51Z INFO CommandLineParser] HasArgs: True
[2025-04-03 15:55:51Z INFO CommandLineParser] arg: url
[2025-04-03 15:55:51Z INFO CommandLineParser] parsing argument
[2025-04-03 15:55:51Z INFO CommandLineParser] HasArgs: True
[2025-04-03 15:55:51Z INFO CommandLineParser] Adding option 'url': 'https://github.com/minpooh/travel'
[2025-04-03 15:55:51Z INFO CommandLineParser] parsing argument
[2025-04-03 15:55:51Z INFO CommandLineParser] HasArgs: True
[2025-04-03 15:55:51Z INFO CommandLineParser] arg: token
[2025-04-03 15:55:51Z INFO CommandLineParser] parsing argument
[2025-04-03 15:55:51Z INFO CommandLineParser] HasArgs: True
[2025-04-03 15:55:51Z INFO CommandLineParser] Adding option 'token': '***'
[2025-04-03 15:55:51Z INFO Listener] Arguments parsed
[2025-04-03 15:55:51Z INFO Runner] ExecuteCommand
[2025-04-03 15:55:51Z INFO ConfigurationStore] currentAssemblyLocation: /Users/minjeong/development/travel/actions-runner/bin/Runner.Listener.dll
[2025-04-03 15:55:51Z INFO HostContext] Well known directory 'Bin': '/Users/minjeong/development/travel/actions-runner/bin'
[2025-04-03 15:55:51Z INFO ConfigurationStore] binPath: /Users/minjeong/development/travel/actions-runner/bin
[2025-04-03 15:55:51Z INFO HostContext] Well known directory 'Bin': '/Users/minjeong/development/travel/actions-runner/bin'
[2025-04-03 15:55:51Z INFO HostContext] Well known directory 'Root': '/Users/minjeong/development/travel/actions-runner'
[2025-04-03 15:55:51Z INFO ConfigurationStore] RootFolder: /Users/minjeong/development/travel/actions-runner
[2025-04-03 15:55:51Z INFO HostContext] Well known directory 'Bin': '/Users/minjeong/development/travel/actions-runner/bin'
[2025-04-03 15:55:51Z INFO HostContext] Well known directory 'Root': '/Users/minjeong/development/travel/actions-runner'
[2025-04-03 15:55:51Z INFO HostContext] Well known config file 'Runner': '/Users/minjeong/development/travel/actions-runner/.runner'
[2025-04-03 15:55:51Z INFO ConfigurationStore] ConfigFilePath: /Users/minjeong/development/travel/actions-runner/.runner
[2025-04-03 15:55:51Z INFO HostContext] Well known directory 'Bin': '/Users/minjeong/development/travel/actions-runner/bin'
[2025-04-03 15:55:51Z INFO HostContext] Well known directory 'Root': '/Users/minjeong/development/travel/actions-runner'
[2025-04-03 15:55:51Z INFO HostContext] Well known config file 'MigratedRunner': '/Users/minjeong/development/travel/actions-runner/.runner_migrated'
[2025-04-03 15:55:51Z INFO ConfigurationStore] MigratedConfigFilePath: /Users/minjeong/development/travel/actions-runner/.runner_migrated
[2025-04-03 15:55:51Z INFO HostContext] Well known directory 'Bin': '/Users/minjeong/development/travel/actions-runner/bin'
[2025-04-03 15:55:51Z INFO HostContext] Well known directory 'Root': '/Users/minjeong/development/travel/actions-runner'
[2025-04-03 15:55:51Z INFO HostContext] Well known config file 'Credentials': '/Users/minjeong/development/travel/actions-runner/.credentials'
[2025-04-03 15:55:51Z INFO ConfigurationStore] CredFilePath: /Users/minjeong/development/travel/actions-runner/.credentials
[2025-04-03 15:55:51Z INFO HostContext] Well known directory 'Bin': '/Users/minjeong/development/travel/actions-runner/bin'
[2025-04-03 15:55:51Z INFO HostContext] Well known directory 'Root': '/Users/minjeong/development/travel/actions-runner'
[2025-04-03 15:55:51Z INFO HostContext] Well known config file 'MigratedCredentials': '/Users/minjeong/development/travel/actions-runner/.credentials_migrated'
[2025-04-03 15:55:51Z INFO ConfigurationStore] MigratedCredFilePath: /Users/minjeong/development/travel/actions-runner/.credentials_migrated
[2025-04-03 15:55:51Z INFO HostContext] Well known directory 'Bin': '/Users/minjeong/development/travel/actions-runner/bin'
[2025-04-03 15:55:51Z INFO HostContext] Well known directory 'Root': '/Users/minjeong/development/travel/actions-runner'
[2025-04-03 15:55:51Z INFO HostContext] Well known config file 'Service': '/Users/minjeong/development/travel/actions-runner/.service'
[2025-04-03 15:55:51Z INFO ConfigurationStore] ServiceConfigFilePath: /Users/minjeong/development/travel/actions-runner/.service
[2025-04-03 15:55:51Z INFO CommandSettings] Flag 'help': 'False'
[2025-04-03 15:55:51Z INFO CommandSettings] Flag 'version': 'False'
[2025-04-03 15:55:51Z INFO CommandSettings] Flag 'commit': 'False'
[2025-04-03 15:55:51Z INFO CommandSettings] Flag 'check': 'False'
[2025-04-03 15:55:51Z INFO CommandSettings] Command 'configure': 'True'
[2025-04-03 15:55:51Z INFO Terminal] WRITE LINE: 
[2025-04-03 15:55:51Z INFO Terminal] WRITE LINE: --------------------------------------------------------------------------------
[2025-04-03 15:55:51Z INFO Terminal] WRITE LINE: |        ____ _ _   _   _       _          _        _   _                      |
[2025-04-03 15:55:51Z INFO Terminal] WRITE LINE: |       / ___(_) |_| | | |_   _| |__      / \   ___| |_(_) ___  _ __  ___      |
[2025-04-03 15:55:51Z INFO Terminal] WRITE LINE: |      | |  _| | __| |_| | | | | '_ \    / _ \ / __| __| |/ _ \| '_ \/ __|     |
[2025-04-03 15:55:51Z INFO Terminal] WRITE LINE: |      | |_| | | |_|  _  | |_| | |_) |  / ___ \ (__| |_| | (_) | | | \__ \     |
[2025-04-03 15:55:51Z INFO Terminal] WRITE LINE: |       \____|_|\__|_| |_|\__,_|_.__/  /_/   \_\___|\__|_|\___/|_| |_|___/     |
[2025-04-03 15:55:51Z INFO Terminal] WRITE LINE: |                                                                              |
[2025-04-03 15:55:51Z INFO Terminal] WRITE: |                       
[2025-04-03 15:55:51Z INFO Terminal] WRITE: Self-hosted runner registration
[2025-04-03 15:55:51Z INFO Terminal] WRITE LINE:                         |
[2025-04-03 15:55:51Z INFO Terminal] WRITE LINE: |                                                                              |
[2025-04-03 15:55:51Z INFO Terminal] WRITE LINE: --------------------------------------------------------------------------------
[2025-04-03 15:55:51Z INFO ConfigurationManager] ConfigureAsync
[2025-04-03 15:55:51Z INFO CommandSettings] Flag 'generateServiceConfig': 'False'
[2025-04-03 15:55:51Z INFO ConfigurationStore] IsConfigured()
[2025-04-03 15:55:51Z INFO ConfigurationStore] IsConfigured: False
[2025-04-03 15:55:51Z INFO ConfigurationManager] Is configured: False
[2025-04-03 15:55:51Z INFO CommandSettings] Arg 'url': 'https://github.com/minpooh/travel'
[2025-04-03 15:55:51Z INFO CommandSettings] Remove url from Arg dictionary.
[2025-04-03 15:55:51Z INFO CommandSettings] Arg 'token': '***'
[2025-04-03 15:55:51Z INFO CommandSettings] Remove token from Arg dictionary.
[2025-04-03 15:55:56Z INFO ConfigurationManager] Http response code: OK from 'POST https://api.github.com/actions/runner-registration' (C806:145D53:53EA5C:75C9EA:67EEAF8B)
[2025-04-03 15:55:57Z INFO ConfigurationManager] Using V2 flow: False
[2025-04-03 15:55:57Z INFO ConfigurationManager] cred retrieved via GitHub auth
[2025-04-03 15:55:57Z INFO RunnerServer] EstablishVssConnection
[2025-04-03 15:55:57Z INFO RunnerServer] Establish connection with 100 seconds timeout.
[2025-04-03 15:55:57Z INFO GitHubActionsService] Starting operation Location.GetConnectionData
[2025-04-03 15:55:58Z INFO RunnerServer] EstablishVssConnection
[2025-04-03 15:55:58Z INFO RunnerServer] Establish connection with 60 seconds timeout.
[2025-04-03 15:55:58Z INFO GitHubActionsService] Starting operation Location.GetConnectionData
[2025-04-03 15:55:58Z INFO RunnerServer] EstablishVssConnection
[2025-04-03 15:55:58Z INFO RunnerServer] Establish connection with 60 seconds timeout.
[2025-04-03 15:55:58Z INFO GitHubActionsService] Starting operation Location.GetConnectionData
[2025-04-03 15:55:59Z INFO GitHubActionsService] Finished operation Location.GetConnectionData
[2025-04-03 15:55:59Z INFO GitHubActionsService] Finished operation Location.GetConnectionData
[2025-04-03 15:55:59Z INFO GitHubActionsService] Finished operation Location.GetConnectionData
[2025-04-03 15:55:59Z INFO Terminal] WRITE LINE: 
[2025-04-03 15:55:59Z INFO ConfigurationManager] Test Connection complete.
[2025-04-03 15:55:59Z INFO HostContext] Well known directory 'Bin': '/Users/minjeong/development/travel/actions-runner/bin'
[2025-04-03 15:55:59Z INFO HostContext] Well known directory 'Root': '/Users/minjeong/development/travel/actions-runner'
[2025-04-03 15:55:59Z INFO HostContext] Well known config file 'RSACredentials': '/Users/minjeong/development/travel/actions-runner/.credentials_rsaparams'
[2025-04-03 15:55:59Z INFO RSAFileKeyManager] Creating new RSA key using 2048-bit key length
[2025-04-03 15:55:59Z INFO RSAFileKeyManager] Successfully saved RSA key parameters to file /Users/minjeong/development/travel/actions-runner/.credentials_rsaparams
[2025-04-03 15:55:59Z INFO RSAFileKeyManager] Which2: 'chmod'
[2025-04-03 15:55:59Z INFO RSAFileKeyManager] Location: '/bin/chmod'
[2025-04-03 15:55:59Z INFO HostContext] Well known directory 'Bin': '/Users/minjeong/development/travel/actions-runner/bin'
[2025-04-03 15:55:59Z INFO HostContext] Well known directory 'Root': '/Users/minjeong/development/travel/actions-runner'
[2025-04-03 15:56:00Z INFO ProcessInvokerWrapper] Starting process:
[2025-04-03 15:56:00Z INFO ProcessInvokerWrapper]   File name: '/bin/chmod'
[2025-04-03 15:56:00Z INFO ProcessInvokerWrapper]   Arguments: '600 /Users/minjeong/development/travel/actions-runner/.credentials_rsaparams'
[2025-04-03 15:56:00Z INFO ProcessInvokerWrapper]   Working directory: '/Users/minjeong/development/travel/actions-runner'
[2025-04-03 15:56:00Z INFO ProcessInvokerWrapper]   Require exit code zero: 'False'
[2025-04-03 15:56:00Z INFO ProcessInvokerWrapper]   Encoding web name:  ; code page: ''
[2025-04-03 15:56:00Z INFO ProcessInvokerWrapper]   Force kill process on cancellation: 'False'
[2025-04-03 15:56:00Z INFO ProcessInvokerWrapper]   Redirected STDIN: 'False'
[2025-04-03 15:56:00Z INFO ProcessInvokerWrapper]   Persist current code page: 'False'
[2025-04-03 15:56:00Z INFO ProcessInvokerWrapper]   Keep redirected STDIN open: 'False'
[2025-04-03 15:56:00Z INFO ProcessInvokerWrapper]   High priority process: 'False'
[2025-04-03 15:56:00Z INFO ProcessInvokerWrapper] Process started with process id 85845, waiting for process exit.
[2025-04-03 15:56:00Z INFO ProcessInvokerWrapper] STDOUT/STDERR stream read finished.
[2025-04-03 15:56:00Z INFO ProcessInvokerWrapper] STDOUT/STDERR stream read finished.
[2025-04-03 15:56:00Z INFO ProcessInvokerWrapper] Finished process 85845 with exit code 0, and elapsed time 00:00:00.2761121.
[2025-04-03 15:56:00Z INFO RSAFileKeyManager] Successfully set permissions for RSA key parameters file /Users/minjeong/development/travel/actions-runner/.credentials_rsaparams
[2025-04-03 15:56:00Z INFO CommandSettings] Arg 'runnergroup': ''
[2025-04-03 15:56:00Z INFO CommandSettings] Flag 'unattended': 'False'
[2025-04-03 15:56:00Z INFO PromptManager] ReadValue
[2025-04-03 15:56:00Z INFO Terminal] WRITE: Enter the name of the runner group to add this runner to: 
[2025-04-03 15:56:00Z INFO Terminal] WRITE: [press Enter for Default] 
[2025-04-03 15:56:00Z INFO Terminal] READ LINE
[2025-04-03 15:56:01Z INFO Terminal] Read value: ''
[2025-04-03 15:56:01Z INFO PromptManager] Falling back to the default: 'Default'
[2025-04-03 15:56:01Z INFO Terminal] WRITE LINE: 
[2025-04-03 15:56:01Z INFO ConfigurationManager] Found a self-hosted runner group with id 1 and name Default
[2025-04-03 15:56:01Z INFO CommandSettings] Flag 'disableupdate': 'False'
[2025-04-03 15:56:01Z INFO CommandSettings] Flag 'ephemeral': 'False'
[2025-04-03 15:56:01Z INFO CommandSettings] Arg 'name': ''
[2025-04-03 15:56:01Z INFO CommandSettings] Flag 'unattended': 'False'
[2025-04-03 15:56:01Z INFO PromptManager] ReadValue
[2025-04-03 15:56:01Z INFO Terminal] WRITE: Enter the name of runner: 
[2025-04-03 15:56:01Z INFO Terminal] WRITE: [press Enter for iminjeong-ui-MacBookPro] 
[2025-04-03 15:56:01Z INFO Terminal] READ LINE
[2025-04-03 15:56:03Z INFO Terminal] Read value: ''
[2025-04-03 15:56:03Z INFO PromptManager] Falling back to the default: 'iminjeong-ui-MacBookPro'
[2025-04-03 15:56:03Z INFO Terminal] WRITE LINE: 
[2025-04-03 15:56:03Z INFO CommandSettings] Arg 'labels': ''
[2025-04-03 15:56:03Z INFO CommandSettings] Flag 'unattended': 'False'
[2025-04-03 15:56:03Z INFO PromptManager] ReadValue
[2025-04-03 15:56:03Z INFO Terminal] WRITE: This runner will have the following labels: 'self-hosted', 'macOS', 'X64' 
Enter any additional labels (ex. label-1,label-2): 
[2025-04-03 15:56:03Z INFO Terminal] WRITE: [press Enter to skip] 
[2025-04-03 15:56:03Z INFO Terminal] READ LINE
[2025-04-03 15:56:04Z INFO Terminal] Read value: ''
[2025-04-03 15:56:04Z INFO Terminal] WRITE LINE: 
[2025-04-03 15:56:04Z INFO CommandSettings] Flag 'disableupdate': 'False'
[2025-04-03 15:56:04Z INFO CommandSettings] Flag 'no-default-labels': 'False'
[2025-04-03 15:56:04Z INFO CommandSettings] Flag 'disableupdate': 'False'
[2025-04-03 15:56:04Z INFO CommandSettings] Flag 'ephemeral': 'False'
[2025-04-03 15:56:04Z INFO ConfigurationStore] Saving OAuth credential @ /Users/minjeong/development/travel/actions-runner/.credentials
[2025-04-03 15:56:04Z INFO ConfigurationStore] Credentials Saved.
[2025-04-03 15:56:04Z INFO ConfigurationStore] HasCredentials()
[2025-04-03 15:56:04Z INFO ConfigurationStore] stored True
[2025-04-03 15:56:04Z INFO CredentialManager] GetCredentialProvider
[2025-04-03 15:56:04Z INFO CredentialManager] Creating type OAuth
[2025-04-03 15:56:04Z INFO CredentialManager] Creating credential type: OAuth
[2025-04-03 15:56:04Z INFO RSAFileKeyManager] Loading RSA key parameters from file /Users/minjeong/development/travel/actions-runner/.credentials_rsaparams
[2025-04-03 15:56:05Z INFO RunnerServer] EstablishVssConnection
[2025-04-03 15:56:05Z INFO RunnerServer] Establish connection with 100 seconds timeout.
[2025-04-03 15:56:05Z INFO GitHubActionsService] Starting operation Location.GetConnectionData
[2025-04-03 15:56:05Z INFO RunnerServer] EstablishVssConnection
[2025-04-03 15:56:05Z INFO RunnerServer] Establish connection with 60 seconds timeout.
[2025-04-03 15:56:05Z INFO GitHubActionsService] Starting operation Location.GetConnectionData
[2025-04-03 15:56:05Z INFO RunnerServer] EstablishVssConnection
[2025-04-03 15:56:05Z INFO RunnerServer] Establish connection with 60 seconds timeout.
[2025-04-03 15:56:05Z INFO GitHubActionsService] Starting operation Location.GetConnectionData
[2025-04-03 15:56:05Z INFO GitHubActionsService] Finished operation Location.GetConnectionData
[2025-04-03 15:56:05Z INFO GitHubActionsService] Finished operation Location.GetConnectionData
[2025-04-03 15:56:05Z INFO GitHubActionsService] Finished operation Location.GetConnectionData
[2025-04-03 15:56:06Z INFO RSAFileKeyManager] Loading RSA key parameters from file /Users/minjeong/development/travel/actions-runner/.credentials_rsaparams
[2025-04-03 15:56:06Z INFO RSAFileKeyManager] Loading RSA key parameters from file /Users/minjeong/development/travel/actions-runner/.credentials_rsaparams
[2025-04-03 15:56:07Z INFO GitHubActionsService] AAD Correlation ID for this token request: Unknown
[2025-04-03 15:56:07Z INFO CommandSettings] Arg 'work': ''
[2025-04-03 15:56:07Z INFO CommandSettings] Flag 'unattended': 'False'
[2025-04-03 15:56:07Z INFO PromptManager] ReadValue
[2025-04-03 15:56:07Z INFO Terminal] WRITE: Enter name of work folder: 
[2025-04-03 15:56:07Z INFO Terminal] WRITE: [press Enter for _work] 
[2025-04-03 15:56:07Z INFO Terminal] READ LINE
[2025-04-03 15:56:08Z INFO Terminal] Read value: ''
[2025-04-03 15:56:08Z INFO PromptManager] Falling back to the default: '_work'
[2025-04-03 15:56:08Z INFO ConfigurationStore] Saving runner settings.
[2025-04-03 15:56:08Z INFO ConfigurationStore] Settings Saved.
[2025-04-03 15:56:08Z INFO Terminal] WRITE LINE: 
[2025-04-03 15:56:08Z INFO Terminal] WRITE LINE: 
[2025-04-03 15:56:08Z INFO OsxServiceControlManager] Service name 'actions.runner.minpooh-travel.iminjeong-ui-MacBookPro' display name 'GitHub Actions Runner (minpooh-travel.iminjeong-ui-MacBookPro)' will be used for service configuration.
[2025-04-03 15:56:08Z INFO HostContext] Well known directory 'Bin': '/Users/minjeong/development/travel/actions-runner/bin'
[2025-04-03 15:56:08Z INFO HostContext] Well known directory 'Root': '/Users/minjeong/development/travel/actions-runner'
[2025-04-03 15:56:08Z INFO HostContext] Well known directory 'Bin': '/Users/minjeong/development/travel/actions-runner/bin'
[2025-04-03 15:56:08Z INFO HostContext] Well known directory 'Bin': '/Users/minjeong/development/travel/actions-runner/bin'
[2025-04-03 15:56:08Z INFO HostContext] Well known directory 'Root': '/Users/minjeong/development/travel/actions-runner'
[2025-04-03 15:56:08Z INFO UnixUtil] Which2: 'chmod'
[2025-04-03 15:56:08Z INFO UnixUtil] Location: '/bin/chmod'
[2025-04-03 15:56:08Z INFO UnixUtil] Running /bin/chmod 755 "/Users/minjeong/development/travel/actions-runner/svc.sh"
[2025-04-03 15:56:08Z INFO ProcessInvokerWrapper] Starting process:
[2025-04-03 15:56:08Z INFO ProcessInvokerWrapper]   File name: '/bin/chmod'
[2025-04-03 15:56:08Z INFO ProcessInvokerWrapper]   Arguments: '755 "/Users/minjeong/development/travel/actions-runner/svc.sh"'
[2025-04-03 15:56:08Z INFO ProcessInvokerWrapper]   Working directory: '/Users/minjeong/development/travel/actions-runner'
[2025-04-03 15:56:08Z INFO ProcessInvokerWrapper]   Require exit code zero: 'True'
[2025-04-03 15:56:08Z INFO ProcessInvokerWrapper]   Encoding web name:  ; code page: ''
[2025-04-03 15:56:08Z INFO ProcessInvokerWrapper]   Force kill process on cancellation: 'False'
[2025-04-03 15:56:08Z INFO ProcessInvokerWrapper]   Redirected STDIN: 'False'
[2025-04-03 15:56:08Z INFO ProcessInvokerWrapper]   Persist current code page: 'False'
[2025-04-03 15:56:08Z INFO ProcessInvokerWrapper]   Keep redirected STDIN open: 'False'
[2025-04-03 15:56:08Z INFO ProcessInvokerWrapper]   High priority process: 'False'
[2025-04-03 15:56:08Z INFO ProcessInvokerWrapper] Process started with process id 85873, waiting for process exit.
[2025-04-03 15:56:08Z INFO ProcessInvokerWrapper] STDOUT/STDERR stream read finished.
[2025-04-03 15:56:08Z INFO ProcessInvokerWrapper] STDOUT/STDERR stream read finished.
[2025-04-03 15:56:08Z INFO ProcessInvokerWrapper] Finished process 85873 with exit code 0, and elapsed time 00:00:00.0244389.
[2025-04-03 15:56:08Z INFO Listener] Runner execution has finished with return code 0
